[('Ql', 51339.28571428568), ('Qc', 199999.99999999988), ('phi', 5.18923786530457), ('fr', 6000000000.0), ('a', 11.61598214285712), ('alpha', 0), ('delay', 0.0), ('noise_amplitude', 300000.0), ('gain', 1e-07)]