[('Ql', 85714.28571428568), ('Qc', 310714.28571428556), ('phi', 5.329487537339828), ('fr', 6000000000.0), ('a', 41.52370535714283), ('alpha', 1.2946428571428572), ('delay', 0.0), ('noise_amplitude', 300000.0), ('gain', 1e-07)]