[('Ql', 40178.57142857139), ('Qc', 244642.85714285704), ('phi', 3.141592653589793), ('fr', 6000000000.0), ('a', 13.401517857142835), ('alpha', 0.8839285714285716), ('delay', 0.0), ('noise_amplitude', 300000.0), ('gain', 1e-07)]