[('Ql', 39285.71428571426), ('Qc', 192857.14285714272), ('phi', 2.2554714417427952), ('fr', 6000000000.0), ('a', 0.01), ('alpha', 1), ('delay', 0.0), ('noise_amplitude', 300000.0), ('gain', 1e-07)]