[('Ql', 50000.0), ('Qc', 200000.0), ('phi', 4.011140620208396), ('fr', 6000000000.0), ('a', 1), ('alpha', 1), ('delay', 0.0), ('noise_amplitude', 300000.0), ('gain', 1e-07)]